// Jest Snapshot v1, https://goo.gl/fbAQLP

exports[
  `<ToggleTheme /> should render input and toggle between theme when toggling input 1`
] = `
.c0 {
  position: fixed;
  top: 2rem;
  right: 2rem;
  z-index: 2;
}

.c1 {
  position: relative;
  display: inline-block;
  width: 5rem;
  height: 2.5rem;
  line-height: 0;
  font-size: 0;
  overflow: hidden;
  color: rgba(0,0,0,0);
}

.c5:checked + .c3 {
  background: #f231a5;
  border: 1px solid #f231a5;
}

.c5:checked + .c3:hover {
  border: 1px solid #AAAAAA;
}

.c5:checked + .c3:before {
  -webkit-transform: translateX(1.9rem);
  -ms-transform: translateX(1.9rem);
  transform: translateX(1.9rem);
  background: #030518;
}

.c5:hover + .c3 {
  border: 1px solid #f231a5;
}

.c2 {
  -webkit-appearance: none;
  -moz-appearance: none;
  appearance: none;
  opacity: 0;
  width: 0;
  height: 0;
}

.c2:checked + .c3 {
  background: #f231a5;
  border: 1px solid #f231a5;
}

.c2:checked + .c3:hover {
  border: 1px solid #CCCCCC;
}

.c2:checked + .c3:before {
  -webkit-transform: translateX(1.9rem);
  -ms-transform: translateX(1.9rem);
  transform: translateX(1.9rem);
  background: #FFFFFF;
}

.c2:hover + .c3 {
  border: 1px solid #f231a5;
}

.c4 {
  position: absolute;
  cursor: pointer;
  top: 0;
  left: 0;
  right: 0;
  bottom: 0;
  background: #CCCCCC;
  border: 1px solid #CCCCCC;
  -webkit-transition: all 300ms ease-in-out;
  -webkit-transition: all 300ms ease-in-out;
  transition: all 300ms ease-in-out;
  border-radius: 2rem;
}

.c4:before {
  position: absolute;
  content: "";
  height: 2.1rem;
  width: 2.1rem;
  left: 0.4rem;
  bottom: 0.12rem;
  background: #0A1128;
  -webkit-transition: all 300ms ease-in-out;
  -webkit-transition: all 300ms ease-in-out;
  transition: all 300ms ease-in-out;
  border-radius: 50%;
}

<div>
  <div
    class="c0"
  >
    <label
      class="c1"
    >
      Toggle light and dark mode
      <input
        class="c2"
        type="checkbox"
        value="Dark mode active"
      />
      <span
        class="c3 c4"
      />
    </label>
  </div>
</div>
`;
