// Jest Snapshot v1, https://goo.gl/fbAQLP

exports[`<LogoLink /> should match snapshot 1`] = `
.c1 {
  display: -webkit-box;
  display: -webkit-flex;
  display: -ms-flexbox;
  display: flex;
  -webkit-align-items: center;
  -webkit-box-align: center;
  -ms-flex-align: center;
  align-items: center;
  color: inherit;
}

.c1 > img {
  width: 15rem;
  height: 15rem;
  border-radius: 50%;
}

.c0 {
  color: #0A1128;
  line-height: 1.2;
  font-size: 2.4rem;
  text-transform: uppercase;
}

<h1
  class="c0"
>
  <a
    href="#target"
    target="_self"
  >
    <div
      class="c1"
    >
      <img
        alt="OlÃ¡ mundo"
        src="image.jpg"
      />
    </div>
  </a>
</h1>
`;
