// Jest Snapshot v1, https://goo.gl/fbAQLP

exports[`<Menu /> should open/close menu on button click 1`] = `
.c1 {
  display: inline-block;
  vertical-align: middle;
  overflow: hidden;
}

.c7 {
  display: -webkit-box;
  display: -webkit-flex;
  display: -ms-flexbox;
  display: flex;
  -webkit-align-items: center;
  -webkit-box-align: center;
  -ms-flex-align: center;
  align-items: center;
  color: inherit;
}

.c7 > img {
  width: 14rem;
  height: 14rem;
  border-radius: 50%;
}

.c6 {
  color: #0A1128;
  line-height: 1.2;
  font-size: 2.4rem;
  text-transform: uppercase;
}

.c8 {
  display: block;
  color: #FFFFFF;
  -webkit-text-decoration: none;
  text-decoration: none;
  margin-bottom: 1.6rem;
  font-size: 1.8rem;
  border-right: 0.5rem solid #0A1128;
  -webkit-transition: all 300ms ease-in-out;
  transition: all 300ms ease-in-out;
}

.c8:hover {
  border-right: 0.5rem solid #f231a5;
  color: #f231a5;
}

.c2 {
  background: #0A1128;
  padding: 3.2rem;
  display: -webkit-box;
  display: -webkit-flex;
  display: -ms-flexbox;
  display: flex;
  position: fixed;
  z-index: 1;
  width: 100%;
  max-width: 32rem;
  height: 100vh;
  top: 0;
  left: 0;
  -webkit-transition: all 300ms ease-in-out;
  transition: all 300ms ease-in-out;
  overflow-y: auto;
  left: -30rem;
  overflow-y: hidden;
}

.c3 {
  margin: auto;
  width: 100%;
}

.c4 .c5 {
  display: -webkit-box;
  display: -webkit-flex;
  display: -ms-flexbox;
  display: flex;
  -webkit-box-pack: center;
  -webkit-justify-content: center;
  -ms-flex-pack: center;
  justify-content: center;
  margin: 0;
  margin-bottom: 4.0rem;
}

.c0 {
  position: fixed;
  top: 2.4rem;
  color: #FFFFFF;
  background: #0A1128;
  z-index: 2;
  width: 3rem;
  height: 3rem;
  left: 26rem;
  -webkit-transition: all 300ms ease-in-out;
  transition: all 300ms ease-in-out;
  left: 1rem;
}

.c0:hover {
  color: #f231a5;
}

@media (max-width:768px) {
  .c2 {
    left: -32rem;
  }
}

@media (max-width:768px) {
  .c0 {
    left: -0.5rem;
  }
}

<div>
  <a
    aria-label="Open or close menu"
    class="c0"
    href="#"
    title="Open or close menu"
  >
    <svg
      aria-hidden="true"
      aria-label="Open menu"
      class="c1"
      fill="currentColor"
      focusable="false"
      viewBox="0 0 24 24"
      xmlns="http://www.w3.org/2000/svg"
    >
      <path
        d="M3 18h18v-2H3v2zm0-5h18v-2H3v2zm0-7v2h18V6H3z"
      />
    </svg>
  </a>
  <div
    aria-hidden="true"
    class="c2"
  >
    <nav
      class="c3"
    >
      <div
        class="c4"
      >
        <h1
          class="c5 c6"
        >
          <a
            href="/"
            target="_self"
          >
            <div
              class="c7"
            >
              <img
                alt="OtÃ¡vio Miranda"
                src="/assets/images/ana-banana.png"
              />
            </div>
          </a>
        </h1>
      </div>
      <a
        href="/home/1"
        target="_self"
      >
        <div
          class="c8"
        >
          My jobs
        </div>
      </a>
      <a
        href="/home/2"
        target="_self"
      >
        <div
          class="c8"
        >
          About me
        </div>
      </a>
      <a
        href="/home/3"
        target="_self"
      >
        <div
          class="c8"
        >
          Services
        </div>
      </a>
      <a
        href="http://localhost/home/4"
        target="_self"
      >
        <div
          class="c8"
        >
          External Link
        </div>
      </a>
      <a
        href="/home/5"
        target="_self"
      >
        <div
          class="c8"
        >
          JavaScript
        </div>
      </a>
      <a
        href="/home/6"
        target="_self"
      >
        <div
          class="c8"
        >
          Python
        </div>
      </a>
      <a
        href="/home/7"
        target="_self"
      >
        <div
          class="c8"
        >
          Consectetur
        </div>
      </a>
      <a
        href="/home/8"
        target="_self"
      >
        <div
          class="c8"
        >
          Text test
        </div>
      </a>
      <a
        href="/home/9"
        target="_self"
      >
        <div
          class="c8"
        >
          Pac-man
        </div>
      </a>
      <a
        href="/home/10"
        target="_self"
      >
        <div
          class="c8"
        >
          Star Wars
        </div>
      </a>
      <a
        href="/home/11"
        target="_self"
      >
        <div
          class="c8"
        >
          A menu
        </div>
      </a>
    </nav>
  </div>
</div>
`;
