// Jest Snapshot v1, https://goo.gl/fbAQLP

exports[`<PostGrid /> should match snapshot 1`] = `
.c6 {
  color: #030518;
  line-height: 1.2;
  font-size: 2.4rem;
}

.c2 {
  position: relative;
}

.c2::after,
.c2::before {
  content: "";
  position: absolute;
  top: 0;
  bottom: 0;
  left: 0;
  right: 0;
  -webkit-transition: -webkit-transform .3s ease-in-out;
  -webkit-transition: transform .3s ease-in-out;
  transition: transform .3s ease-in-out;
}

.c2::before {
  border-left: 2.5px solid #f231a5;
  border-right: 2.5px solid #f231a5;
  -webkit-transform: scaleY(0);
  -ms-transform: scaleY(0);
  transform: scaleY(0);
}

.c2::after {
  border-top: 2.5px solid #f231a5;
  border-bottom: 2.5px solid #f231a5;
  -webkit-transform: scaleX(0);
  -ms-transform: scaleX(0);
  transform: scaleX(0);
}

.c2:hover::before {
  -webkit-transform: scaleY(1);
  -ms-transform: scaleY(1);
  transform: scaleY(1);
}

.c2:hover::after {
  -webkit-transform: scaleX(1);
  -ms-transform: scaleX(1);
  transform: scaleX(1);
}

.c2:hover .c5 {
  color: #f231a5;
  -webkit-transition: all 300ms ease-in-out;
  transition: all 300ms ease-in-out;
}

.c2 .c5 {
  margin: 0;
  margin-bottom: 1.6rem;
}

.c3 {
  max-width: 100%;
}

.c4 {
  padding: calc(1.6rem - 0.6rem);
}

.c7 {
  color: #333333;
}

.c0 {
  width: 100%;
}

.c1 {
  max-width: 120rem;
  margin: 0 auto;
  display: grid;
  grid-template-columns: repeat(auto-fill,minmax(28rem,1fr));
  gap: 3.2rem;
  padding: 3.2rem;
}

@media (max-width:360px) {
  .c1 {
    grid-template-columns: 1fr;
  }
}

<div>
  <div
    class="c0"
  >
    <div
      class="c1"
    >
      <a
        href="/post/vis-nobis-veritus-maluisset-id-nonumy-adversarium"
      >
        <div
          class="c2"
        >
          <img
            alt="Vis nobis veritus maluisset id, nonumy adversarium"
            class="c3"
            src="https://res.cloudinary.com/dlizakp2a/image/upload/v1614698965/Ubuntu_gel_by_Midge_Mantissa_Sinnaeve_7caea7ddb4.jpg"
          />
          <div
            class="c4"
          >
            <h2
              class="c5 c6"
            >
              Vis nobis veritus maluisset id, nonumy adversarium
            </h2>
            <p
              class="c7"
            >
              Fugit aliquip erroribus eu eam, an mel vidit doctus. Vis nobis veritus maluisset id, nonumy adversarium neglegentur est ut. Tation persius pri eu, modo minim fastidii mei no. Ad tota pertinax definiebas eam.
            </p>
          </div>
        </div>
      </a>
      <a
        href="/post/sea-array-destructuring-dicat-fabulas-consetetur"
      >
        <div
          class="c2"
        >
          <img
            alt="Sea Array Destructuring dicat fabulas consetetur "
            class="c3"
            src="https://res.cloudinary.com/dlizakp2a/image/upload/v1614699042/Origin_of_nature_by_Julian_Tomasini_dcfdd17cbe.jpg"
          />
          <div
            class="c4"
          >
            <h2
              class="c5 c6"
            >
              Sea Array Destructuring dicat fabulas consetetur 
            </h2>
            <p
              class="c7"
            >
              Quod oblique mei ne, cetero delicatissimi sea cu, cu est harum dicit verterem. Tota forensibus ut usu, luptatum dignissim persecuti vel ex. Mea nostrud instructior cu, et referrentur theophrastus eum. Pro in iuvaret senserit.
            </p>
          </div>
        </div>
      </a>
      <a
        href="/post/quod-oblique-mei-ne-cetero-delicatissimi-sea"
      >
        <div
          class="c2"
        >
          <img
            alt="Quod oblique mei ne, cetero delicatissimi sea"
            class="c3"
            src="https://res.cloudinary.com/dlizakp2a/image/upload/v1614699042/Origin_of_nature_by_Julian_Tomasini_dcfdd17cbe.jpg"
          />
          <div
            class="c4"
          >
            <h2
              class="c5 c6"
            >
              Quod oblique mei ne, cetero delicatissimi sea
            </h2>
            <p
              class="c7"
            >
              Et sed legere rationibus, vitae evertitur ad eam. Eu amet vero officiis vis. Ad nullam pericula neglegentur sit, vix ei regione legendos argumentum. Mei an quas convenire, nobis dicunt mei ut. 
            </p>
          </div>
        </div>
      </a>
    </div>
  </div>
</div>
`;
