// Jest Snapshot v1, https://goo.gl/fbAQLP

exports[`<Post /> should render 1`] = `
.c6 {
  font-size: 1.6rem;
  color: #AAAAAA;
  font-style: italic;
}

.c6 .categories span::after {
  content: ', ';
}

.c6 .categories span:last-child::after {
  content: '.';
}

.c6 a {
  color: #f231a5;
  -webkit-text-decoration: none;
  text-decoration: none;
  -webkit-transition: all 300ms ease-in-out;
  transition: all 300ms ease-in-out;
}

.c6 a:hover {
  -webkit-filter: brightness(50%);
  filter: brightness(50%);
}

.c3 {
  color: #030518;
  line-height: 1.2;
  font-size: 4.0rem;
}

.c1 {
  padding-bottom: 4.0rem;
  margin-bottom: 4.0rem;
  border-bottom: 0.1rem solid #DDDDDD;
}

.c1 .c2 {
  margin: 0;
  margin-bottom: 2.4rem;
}

.c4 {
  margin: 2.4rem 0;
  font-size: 2.4rem;
}

.c5 {
  max-width: 100%;
  display: block;
  margin-bottom: 2.4rem;
}

.c8 code[class*="language-"],
.c8 pre[class*="language-"] {
  color: #f8f8f2;
  background: none;
  text-shadow: 0 1px rgba(0,0,0,0.3);
  font-family: Consolas,Monaco,'Andale Mono','Ubuntu Mono',monospace;
  text-align: left;
  white-space: pre;
  word-spacing: normal;
  word-break: normal;
  word-wrap: normal;
  line-height: 1.5;
  -moz-tab-size: 4;
  -o-tab-size: 4;
  tab-size: 4;
  -webkit-hyphens: none;
  -moz-hyphens: none;
  -ms-hyphens: none;
  -webkit-hyphens: none;
  -moz-hyphens: none;
  -ms-hyphens: none;
  hyphens: none;
}

.c8 pre[class*="language-"] {
  padding: 1em;
  margin: .5em 0;
  overflow: auto;
  border-radius: 0.3em;
}

.c8:not(pre) > code[class*="language-"],
.c8 pre[class*="language-"] {
  background: #282a36;
}

.c8:not(pre) > code[class*="language-"] {
  padding: .1em;
  border-radius: .3em;
  white-space: normal;
}

.c8 .token.comment,
.c8 .token.prolog,
.c8 .token.doctype,
.c8 .token.cdata {
  color: #6272a4;
}

.c8 .token.punctuation {
  color: #f8f8f2;
}

.c8 .namespace {
  opacity: .7;
}

.c8 .token.property,
.c8 .token.tag,
.c8 .token.constant,
.c8 .token.symbol,
.c8 .token.deleted {
  color: #ff79c6;
}

.c8 .token.boolean,
.c8 .token.number {
  color: #bd93f9;
}

.c8 .token.selector,
.c8 .token.attr-name,
.c8 .token.string,
.c8 .token.char,
.c8 .token.builtin,
.c8 .token.inserted {
  color: #50fa7b;
}

.c8 .token.operator,
.c8 .token.entity,
.c8 .token.url,
.c8 .language-css .token.string,
.c8 .style .token.string,
.c8 .token.variable {
  color: #f8f8f2;
}

.c8 .token.atrule,
.c8 .token.attr-value,
.c8 .token.function,
.c8 .token.class-name {
  color: #f1fa8c;
}

.c8 .token.keyword {
  color: #8be9fd;
}

.c8 .token.regex,
.c8 .token.important {
  color: #ffb86c;
}

.c8 .token.important,
.c8 .token.bold {
  font-weight: bold;
}

.c8 .token.italic {
  font-style: italic;
}

.c8 .token.entity {
  cursor: help;
}

.c9 {
  font-size: calc(1.6rem + 0.2rem);
  line-height: 1.5;
}

.c9 p {
  margin: 2.4rem 0;
  font-size: 2.4rem;
}

.c9 a,
.c9 a:visited,
.c9 a:link {
  color: #f231a5;
  -webkit-text-decoration: none;
  text-decoration: none;
  -webkit-transition: all 300ms ease-in-out;
  transition: all 300ms ease-in-out;
}

.c9 a:hover {
  -webkit-filter: brightness(50%);
  filter: brightness(50%);
}

.c9 img {
  max-width: 100%;
}

.c9 .image {
  background: #DDDDDD;
  line-height: 0;
  margin: 2.4rem 0;
}

.c9 .image figcaption {
  font-size: 1.6rem;
  padding: 1.6rem;
  text-align: center;
  line-height: 1.3;
}

.c9 .image-style-side {
  float: right;
  max-width: 50%;
  margin: 2.4rem;
}

.c9 hr {
  border: none;
  border-bottom: 0.1rem solid #DDDDDD;
}

.c9 ul,
.c9 ol {
  margin: 2.4rem 3.2rem;
}

.c9 .table {
  width: 100%;
  overflow: hidden;
  overflow-x: auto;
}

.c9 table {
  width: 100%;
  border-collapse: collapse;
  margin: 2.4rem 0;
}

.c9 table td,
.c9 table th {
  padding: 1.6rem;
  border: 0.1rem solid #DDDDDD;
}

.c9 blockquote {
  border-left: 0.5rem solid #f231a5;
  color: #AAAAAA;
  -webkit-filter: brightness(80%);
  filter: brightness(80%);
  padding-left: 2.4rem;
  font-style: italic;
  margin: 2.4rem;
}

.c0 {
  width: 100%;
  margin: 0 auto;
  padding: 0 3.2rem;
  max-width: 96rem;
}

.c7 {
  width: 100%;
  margin: 0 auto;
  padding: 0 3.2rem;
  max-width: 80rem;
}

@media (max-width:768px) {
  .c9 {
    font-size: 1.8rem;
  }

  .c9 .image-style-side {
    float: none;
    max-width: 100%;
    margin: 0;
  }
}

<div>
  <article
    class=""
  >
    <div
      class="c0"
    >
      <header
        class="c1"
      >
        <h1
          class="c2 c3"
        >
          Vis nobis veritus maluisset id, nonumy adversarium
        </h1>
        <p
          class="c4"
        >
          Quod oblique mei ne, cetero delicatissimi sea cu, cu est harum dicit verterem. Tota forensibus ut usu, luptatum dignissim persecuti vel ex. Mea nostrud instructior cu, et referrentur theophrastus eum. Pro in iuvaret senserit.
        </p>
        <img
          alt="Vis nobis veritus maluisset id, nonumy adversarium"
          class="c5"
          src="https://res.cloudinary.com/dlizakp2a/image/upload/v1614699042/Origin_of_nature_by_Julian_Tomasini_dcfdd17cbe.jpg"
        />
        <div
          class="c6"
        >
          <p>
            <span>
              Por 
            </span>
            <a
              href="/author/otavio-miranda"
            >
              Otávio Miranda
            </a>
            <span
              class="separator"
            >
               | 
            </span>
            <time
              datetime="2020-04-20"
            >
              19 de abr. de 2020
            </time>
            <span
              class="separator"
            >
               | 
            </span>
            <span
              class="categories"
            >
              <span>
                <a
                  href="/category/java-script"
                >
                  JavaScript
                </a>
              </span>
              <span>
                <a
                  href="/category/react"
                >
                  React
                </a>
              </span>
            </span>
          </p>
        </div>
      </header>
    </div>
    <div
      class="c7"
    >
      <div
        class="c8"
      >
        <div
          class="c9"
        >
          <p>
            Nostro 
            <strong>
              definitiones
            </strong>
             (
            <i>
              React
            </i>
            ) sed cu - 
            <u>
              Otávio Miranda
            </u>
            . Sea 
            <code>
              useEffect
            </code>
            , useState dicat fabulas 
            <a
              href="https://gist.github.com/luizomf/e7cf0c3d172801225cce694681ecb0ad"
            >
              consetetur
            </a>
             no, odio deseruisse assueverit mei eu, vis probo nonumes molestie id. Ipsum movet liberavisse an mea, diceret vituperata ne his, delenit apeirian quo ea. Imperdiet percipitur te eos. Per ludus aliquam cu. 
            <a
              href="https://gist.github.com/luizomf/e7cf0c3d172801225cce694681ecb0ad"
            >
              Eos ex tincidunt necessitatibus, timeam theophrastus mel cu
            </a>
            . La.
          </p>
          <pre
            class="language-plaintext"
            tabindex="0"
          >
            <code
              class="language-plaintext"
            >
              import { useEffect, useRef, useState } from 'react';

const useMyHook = (cb, delay = 1000) =&gt; {
  const savedCb = useRef();

  useEffect(() =&gt; {
    savedCb.current = cb;
  }, [cb]);

  useEffect(() =&gt; {
    const interval = setInterval(() =&gt; {
      savedCb.current();
    }, delay);

    return () =&gt; clearInterval(interval);
  }, [delay]);
};
            </code>
          </pre>
          <p>
            Qui eu 
            <i>
              mutat
            </i>
             exerci 
            <span
              style="background-color:hsl(60,75%,60%);"
            >
              dolores
            </span>
            , his no 
            <span
              style="color:hsl(270,75%,60%);"
            >
              repudiare
            </span>
             constituam 
            <s>
              accommodare
            </s>
            , vis ea sint 
            <u>
              tempor
            </u>
             eirmod. In mei eruditi moderatius, ex per iudico essent repudiandae. In vis vidisse menandri, an has repudiare disputationi delicatissimi. In has wisi justo postulant. Ei viderer ornatus mel, usu an partiendo tincidunt, ea eum brute ullamcorper.
          </p>
          <p>
            10
            <sup>
              2
            </sup>
            *5
            <sup>
              2
            </sup>
             - H
            <sub>
              2
            </sub>
            0
          </p>
          <p
            style="text-align:center;"
          >
            <strong>
              Center: 
            </strong>
            Abhorreant reformidans eum an, per equidem repudiandae no, ex cum elitr argumentum persequeris. In eam consul theophrastus delicatissimi, lobortis rationibus efficiendi mea ei, nam natum dolore scripserit ea. Sit partiendo eloquentiam ne. Sea no autem dolores, ridens gloriatur mel cu. Munere nullam epicuri his id, dicam definiebas deterruisset eu vim. Ea veritus deleniti usu, nam ei idque choro volumus, ex nisl aliquam bonorum eam.
          </p>
          <p>
            Fugit aliquip erroribus eu eam, an mel vidit doctus. Vis nobis veritus maluisset id, nonumy adversarium neglegentur est ut. Tation persius pri eu, modo minim fastidii mei no. Ad tota pertinax definiebas eam.
          </p>
          <p
            style="text-align:right;"
          >
            <strong>
              Right:
            </strong>
             Mel in lorem feugiat, tation dolore et eum. Id has utamur albucius molestiae. Dico justo maiestatis ei mei, labitur laboramus voluptatum nam ut. Saperet propriae nec an.
          </p>
          <p>
            Quod oblique mei ne, cetero delicatissimi sea cu, cu est harum dicit verterem. Tota forensibus ut usu, luptatum dignissim persecuti vel ex. Mea nostrud instructior cu, et referrentur theophrastus eum. Pro in iuvaret senserit. In persius explicari conceptam nec, in populo ponderum consequat vis. Gloriatur conclusionemque no qui, vitae nominati nec te, laoreet torquatos accommodare ex qui. Eu natum mediocritatem eos, cum ex alia oportere.
          </p>
          <p
            style="text-align:justify;"
          >
            <strong>
              Justify:
            </strong>
             Cu vis nonumes petentium disputationi, invidunt aliquando ex ius, ocurreret suscipiantur conclusionemque eu qui. Probo nemore ut est. Et eam dicta oratio eligendi. Quem dicta dolore vel et, at reque gloriatur definitionem sed.
          </p>
          <p>
            Nec simul ullamcorper at. Mea possit dolores persecuti te, ei quidam apeirian quo. Has quas corpora ne. Ius ad malis iusto delenit, sit ferri idque ex.
          </p>
          <blockquote>
            <p>
              Blockquote: Et sed legere rationibus, vitae evertitur ad eam. Eu amet vero officiis vis. Ad nullam pericula neglegentur sit, vix ei regione legendos argumentum. Mei an quas convenire, nobis dicunt mei ut. Pro no debet referrentur, ei est falli libris. Eu per summo salutandi hendrerit, salutatus democritum interesset nec ut. Wisi lobortis incorrupte ei mea, explicari interpretaris has et.
            </p>
          </blockquote>
          <p>
            A new line:
          </p>
          <hr />
          <p>
            Now keep going…
          </p>
          <figure
            class="image"
          >
            <a
              href="https://gist.github.com/luizomf/e7cf0c3d172801225cce694681ecb0ad"
            >
              <img
                alt="O alt text da imagem"
                src="https://res.cloudinary.com/dlizakp2a/image/upload/v1614696630/Frozen_sunset_on_the_lake_by_Manuel_Arslanyan_9f9cd8ea10.jpg"
              />
            </a>
            <figcaption>
              Aqui está uma imagem
            </figcaption>
          </figure>
          <p>
            Munere euripidis an sed, usu ne consul soluta utamur. Bonorum equidem placerat eu cum, tantas quidam duo et. Pro soleat quaestio ne, ut nam wisi vocibus inciderint, ex his maiorum mnesarchum. Et est wisi primis, id vel odio alienum voluptatibus. Veri doctus offendit vim ea. Has nemore prompta inciderint ei, no sea expetendis dissentiet. Copiosae delicatissimi an sea, id cum agam clita nostro, tale tincidunt delicatissimi ei eos.
          </p>
          <figure
            class="image image-style-side"
          >
            <img
              alt="Uma imagem à direita"
              src="https://res.cloudinary.com/dlizakp2a/image/upload/v1614696630/Frozen_sunset_on_the_lake_by_Manuel_Arslanyan_9f9cd8ea10.jpg"
            />
            <figcaption>
              Uma imagem à direita
            </figcaption>
          </figure>
          <p>
            Munere euripidis an sed, usu ne consul soluta utamur. Bonorum equidem placerat eu cum, tantas quidam duo et. Pro soleat quaestio ne, ut nam wisi vocibus inciderint, ex his maiorum mnesarchum. Et est wisi primis, id vel odio alienum voluptatibus. Veri doctus offendit vim ea. Has nemore prompta inciderint ei, no sea expetendis dissentiet. Copiosae delicatissimi an sea, id cum agam clita nostro, tale tincidunt delicatissimi ei eos.
          </p>
          <p>
            Munere euripidis an sed, usu ne consul soluta utamur. Bonorum equidem placerat eu cum, tantas quidam duo et. Pro soleat quaestio ne, ut nam wisi vocibus inciderint, ex his maiorum mnesarchum. Et est wisi primis, id vel odio alienum voluptatibus. Veri doctus offendit vim ea. Has nemore prompta inciderint ei, no sea expetendis dissentiet. Copiosae delicatissimi an sea, id cum agam clita nostro, tale tincidunt delicatissimi ei eos.
          </p>
          <p>
            Solum consul scripserit in duo, an sit postea denique percipit. Facer ignota consequat nec ei, idque etiam corrumpit sit ut. In mucius definitionem quo, vis an nisl diam appellantur, hendrerit comprehensam ea per. Vix saepe fierent ut.
          </p>
          <p>
            Cu mei summo copiosae. Et vim quaestio partiendo. Quot praesent imperdiet at duo. Sit probo causae ei. Ad ius nemore eruditi.
          </p>
          <p>
            Mei in qualisque disputando. Adipisci philosophia et sed, mel diceret patrioque sententiae ea, iriure posidonium consectetuer ad eam. Nobis reprimique duo in, eam corpora mandamus ex. In quod euismod eum, ne habemus cotidieque necessitatibus cum. Liber recteque duo no, ludus reprehendunt has an.
          </p>
          <p>
            Solum consul scripserit in duo, an sit postea denique percipit. Facer ignota consequat nec ei, idque etiam corrumpit sit ut. In mucius definitionem quo, vis an nisl diam appellantur, hendrerit comprehensam ea per. Vix saepe fierent ut.
          </p>
          <p>
            Cu mei summo copiosae. Et vim quaestio partiendo. Quot praesent imperdiet at duo. Sit probo causae ei. Ad ius nemore eruditi.
          </p>
          <p>
            Mei in qualisque disputando. Adipisci philosophia et sed, mel diceret patrioque sententiae ea, iriure posidonium consectetuer ad eam. Nobis reprimique duo in, eam corpora mandamus ex. In quod euismod eum, ne habemus cotidieque necessitatibus cum. Liber recteque duo no, ludus reprehendunt has an.
          </p>
          <p>
            Bullet:
          </p>
          <ul>
            <li>
              Mei in qualisque disputando. Adipisci philosophia et sed, mel diceret patrioque sententiae ea, iriure posidonium consectetuer ad eam. Nobis reprimique duo in, eam corpora mandamus ex. In quod euismod eum, ne habemus cotidieque necessitatibus cum. Liber recteque duo no, ludus reprehendunt has an.
            </li>
            <li>
              iriure posidonium consectetuer ad eam.
            </li>
            <li>
              Nobis reprimique duo in, eam corpora mandamus
            </li>
            <li>
              ex. In
            </li>
            <li>
              quod euismod
            </li>
            <li>
              eum, ne habemus cotidieque necessitatibus cum.
            </li>
            <li>
              Liber recteque duo no, ludus reprehendunt has an.
            </li>
          </ul>
          <p>
            Now ordered:
          </p>
          <ol>
            <li>
              Item 1
            </li>
            <li>
              Item
            </li>
            <li>
              Item
            </li>
            <li>
              Item
            </li>
          </ol>
          <p>
            A think that's it…
          </p>
          <figure
            class="table"
          >
            <table>
              <thead>
                <tr>
                  <th>
                    Title 1
                  </th>
                  <th>
                    Title 1
                  </th>
                  <th>
                    Title 1
                  </th>
                  <th>
                    Title 1
                  </th>
                  <th>
                    Title 1
                  </th>
                  <th>
                    Title 1
                  </th>
                  <th>
                    Title 1
                  </th>
                  <th>
                    Title 1
                  </th>
                  <th>
                    Title 1
                  </th>
                  <th>
                    Title 1
                  </th>
                </tr>
              </thead>
              <tbody>
                <tr>
                  <td>
                    Item
                  </td>
                  <td>
                    Item
                  </td>
                  <td>
                    Item
                  </td>
                  <td>
                    Item
                  </td>
                  <td>
                    Item
                  </td>
                  <td>
                    Item
                  </td>
                  <td>
                    Item
                  </td>
                  <td>
                    Item
                  </td>
                  <td>
                    Item
                  </td>
                  <td>
                    Item
                  </td>
                </tr>
                <tr>
                  <td>
                    Item
                  </td>
                  <td>
                    Item
                  </td>
                  <td>
                    Item
                  </td>
                  <td>
                    Item
                  </td>
                  <td>
                    Item
                  </td>
                  <td>
                    Item
                  </td>
                  <td>
                    Item
                  </td>
                  <td>
                    Item
                  </td>
                  <td>
                    Item
                  </td>
                  <td>
                    Item
                  </td>
                </tr>
                <tr>
                  <td>
                    Item
                  </td>
                  <td>
                    Item
                  </td>
                  <td>
                    Item
                  </td>
                  <td>
                    Item
                  </td>
                  <td>
                    Item
                  </td>
                  <td>
                    Item
                  </td>
                  <td>
                    Item
                  </td>
                  <td>
                    Item
                  </td>
                  <td>
                    Item
                  </td>
                  <td>
                    Item
                  </td>
                </tr>
              </tbody>
            </table>
          </figure>
          <p>
            A video:
          </p>
          <figure
            class="media"
          >
            <oembed
              url="https://www.youtube.com/watch?v=oLmRV25eQvo"
            />
          </figure>
          <p>
            The end.
          </p>
        </div>
      </div>
    </div>
  </article>
</div>
`;
